// Jest Snapshot v1, https://goo.gl/fbAQLP

exports[`should render component 1`] = `
<DocumentFragment>
  <nav>
    <div
      class="nav-wrapper"
    >
      <a
        class="brand-logo"
        href="/"
      >
        Emaily
      </a>
      <ul
        class="right hide-on-med-and-down"
        id="nav-mobile"
      >
        <li>
          <a
            href="/auth/google"
          >
            Login with Google
          </a>
        </li>
      </ul>
    </div>
  </nav>
</DocumentFragment>
`;
